Scan Log - Manglekit Architecture Audit

Date: 2025-10-22

Tools Used:
- Semgrep OSS (version 1.140.0)

Process:
1.  **Rule Extraction:** Architectural rules were inferred from the following documents:
    - `docs/CONTEXT.md`
    - `docs/LLD.md`
    - `docs/HLD.md`
    - `docs/ADR.md`
    - `docs/code-review.md`
    The extracted rules were saved to `docs/reports/rules.json`.

2.  **Semgrep Rule Generation:** A Semgrep ruleset (`docs/rules/manglekit-arch.yml`) was created to statically check for violations of the extracted rules.

3.  **Code Scan:** The Semgrep scanner was executed against the repository.
    - Command: `semgrep --config docs/rules/manglekit-arch.yml --sarif --output docs/reports/arch-guard.sarif --exclude docs --exclude examples --exclude legacy-examples .`
    - A total of 95 files were considered, and 52 were scanned.
    - 5 rules were applied.

4.  **Initial Scan Failure:** The first scan attempt failed due to a schema validation error in the generated Semgrep rules (`R10-hybrid-magic-numbers`). The rule was corrected.

5.  **Successful Scan:** The second scan completed successfully, identifying 1 finding.

6.  **Output Generation:**
    - SARIF report: `docs/reports/arch-guard.sarif`
    - Human-readable summary: `docs/reports/arch-audit.md`

Issues and Notes:
- The initial Semgrep rule generation had a minor syntax error that was corrected.
- The Semgrep output included warnings about path matching that could be addressed in the future by making the include paths more explicit (e.g., `**/internal/providers/**`).
